2017/10/31,14:02:38,012e3d151c88a278,85072603848942200,2
2017/10/31,14:02:44,012e4129358c9f30,85077088214490928,2
2017/10/31,14:02:48,012e4129358c9e2f,85077088214490671,2
2017/10/31,14:02:50,012e4129358c9e3f,85077088214490687,2
2017/10/31,14:02:53,012e4129358c9e4f,85077088214490703,2
2017/10/31,14:03:06,010101129c17e006,72340248454488070,2
